{"contexts": 400, "device": "cuda", "event": "run_start", "steps": 300, "ts_utc": "2026-06-19T15:15:31Z"}
{"elapsed_sec": 4.04875919315964, "event": "fine_tune_step", "loss": 0.13133317232131958, "step": 1, "steps": 300, "ts_utc": "2026-06-19T15:16:33Z", "variant_id": "F6"}
{"elapsed_sec": 429.17988251522183, "event": "fine_tune_step", "loss": 0.018435096368193626, "step": 100, "steps": 300, "ts_utc": "2026-06-19T15:23:38Z", "variant_id": "F6"}
{"elapsed_sec": 842.0072850147262, "event": "fine_tune_step", "loss": 0.015831276774406433, "step": 200, "steps": 300, "ts_utc": "2026-06-19T15:30:31Z", "variant_id": "F6"}
{"elapsed_sec": 1252.7542540905997, "event": "fine_tune_step", "loss": 0.016298577189445496, "step": 300, "steps": 300, "ts_utc": "2026-06-19T15:37:22Z", "variant_id": "F6"}
{"aaai_ready": false, "base_model_path": "artifacts/models/gcst/g561_f6_full_goal_aware_dual_channel_actor_seed561.pt", "base_variant_id": "F6", "base_variant_name": "full_goal_aware_dual_channel_actor", "critic_training_only": false, "event": "fine_tune_done", "fine_tune_examples": 607, "fine_tune_steps": 300, "hard_negative_loss_after": 0.017141821416581274, "hard_negative_loss_before": 0.11090741175820643, "hard_negative_loss_delta": -0.09376559034162515, "learned_runtime_policy_validated": false, "model_path": "artifacts/models/gcst/g561_f6ft_full_goal_aware_dual_channel_actor_hard_negative_finetuned_seed561.pt", "model_sha256": "2f0ea88b5a4c5f207b1e9e5d49155da5a8f3ee3e558ca2e4d142433fed3cfd51", "phase5p5_allowed": false, "phase6_allowed": false, "runtime_claim_allowed": false, "seed": 561, "ts_utc": "2026-06-19T15:38:09Z", "uses_c0f0": true, "uses_graph": true, "uses_paired_od": true, "variant_id": "F6FT", "variant_name": "full_goal_aware_dual_channel_actor_hard_negative_finetuned"}
{"elapsed_sec": 4.29321392159909, "event": "fine_tune_step", "loss": 0.15829914808273315, "step": 1, "steps": 300, "ts_utc": "2026-06-19T15:39:02Z", "variant_id": "F7"}
{"elapsed_sec": 411.4087298559025, "event": "fine_tune_step", "loss": 0.02091659978032112, "step": 100, "steps": 300, "ts_utc": "2026-06-19T15:45:49Z", "variant_id": "F7"}
{"elapsed_sec": 823.8501727879047, "event": "fine_tune_step", "loss": 0.016780424863100052, "step": 200, "steps": 300, "ts_utc": "2026-06-19T15:52:42Z", "variant_id": "F7"}
{"elapsed_sec": 1248.310214924626, "event": "fine_tune_step", "loss": 0.017007244750857353, "step": 300, "steps": 300, "ts_utc": "2026-06-19T15:59:46Z", "variant_id": "F7"}
{"aaai_ready": false, "base_model_path": "artifacts/models/gcst/g561_f7_full_goal_aware_actor_training_critic_seed561.pt", "base_variant_id": "F7", "base_variant_name": "full_goal_aware_actor_training_critic", "critic_training_only": true, "event": "fine_tune_done", "fine_tune_examples": 607, "fine_tune_steps": 300, "hard_negative_loss_after": 0.01726349065911878, "hard_negative_loss_before": 0.13078312562315234, "hard_negative_loss_delta": -0.11351963496403356, "learned_runtime_policy_validated": false, "model_path": "artifacts/models/gcst/g561_f7ft_full_goal_aware_actor_training_critic_hard_negative_finetuned_seed561.pt", "model_sha256": "b9ca3f7fa19d06d66a5c0b75e164e8e935f44e7f5844047358249c2f08c167b3", "phase5p5_allowed": false, "phase6_allowed": false, "runtime_claim_allowed": false, "seed": 561, "ts_utc": "2026-06-19T16:00:35Z", "uses_c0f0": true, "uses_graph": true, "uses_paired_od": true, "variant_id": "F7FT", "variant_name": "full_goal_aware_actor_training_critic_hard_negative_finetuned"}
Traceback (most recent call last):
  File "/root/shared-nvme/czr004_g561_7aa3ce2/scripts/run_repair5g561_hard_negative_finetune_panel.py", line 597, in <module>
    raise SystemExit(main())
                     ^^^^^^
  File "/root/shared-nvme/czr004_g561_7aa3ce2/scripts/run_repair5g561_hard_negative_finetune_panel.py", line 591, in main
    panel_summary = run_panel(contexts, selected_for_panel(fine_rows), args, device)
                    ^^^^^^^^^^^^^^^^^^^^^^^^^^^^^^^^^^^^^^^^^^^^^^^^^^^^^^^^^^^^^^^^
  File "/root/shared-nvme/czr004_g561_7aa3ce2/scripts/run_repair5g561_hard_negative_finetune_panel.py", line 469, in run_panel
    g549.run_probe_plan(
TypeError: run_probe_plan() missing 2 required keyword-only arguments: 'run_jsonl' and 'command_jsonl'
EXIT:1
